
> lingong-workbench@0.1.0 build
> tsc --noEmit && vite build --configLoader runner

vite v6.4.3 building for production...
transforming...
✓ 3731 modules transformed.
rendering chunks...
computing gzip size...
dist.task-detail-qRBRtdrBjDpZH0YvHwZM8L/index.html                                    0.64 kB │ gzip:   0.38 kB
dist.task-detail-qRBRtdrBjDpZH0YvHwZM8L/assets/kol-lead-coop-iEBatxOn.css             4.79 kB │ gzip:   1.23 kB
dist.task-detail-qRBRtdrBjDpZH0YvHwZM8L/assets/lifecycle-workspace--DO37teB.css       7.63 kB │ gzip:   1.81 kB
dist.task-detail-qRBRtdrBjDpZH0YvHwZM8L/assets/CatalogView-CP9bMhYi.css               9.49 kB │ gzip:   1.99 kB
dist.task-detail-qRBRtdrBjDpZH0YvHwZM8L/assets/ReviewLeaveDialog-MNlkCybt.css        12.53 kB │ gzip:   2.71 kB
dist.task-detail-qRBRtdrBjDpZH0YvHwZM8L/assets/Tasks-BUim2ryV.css                    14.29 kB │ gzip:   2.63 kB
dist.task-detail-qRBRtdrBjDpZH0YvHwZM8L/assets/modes-DtXWlMku.css                    34.69 kB │ gzip:   5.62 kB
dist.task-detail-qRBRtdrBjDpZH0YvHwZM8L/assets/knowledge-page-phTD11kC.css           61.52 kB │ gzip:   9.22 kB
dist.task-detail-qRBRtdrBjDpZH0YvHwZM8L/assets/Home-7tb07yPD.css                     82.05 kB │ gzip:  12.33 kB
dist.task-detail-qRBRtdrBjDpZH0YvHwZM8L/assets/AdminConsole-DjRCLUuY.css            138.89 kB │ gzip:  19.35 kB
dist.task-detail-qRBRtdrBjDpZH0YvHwZM8L/assets/index-CTbXcB7D.css                   447.48 kB │ gzip:  70.24 kB
dist.task-detail-qRBRtdrBjDpZH0YvHwZM8L/assets/AgentTeams-CatdZ-oe.js                 0.16 kB │ gzip:   0.15 kB
dist.task-detail-qRBRtdrBjDpZH0YvHwZM8L/assets/discoveryWorkspaceState-Ci75cuAw.js    0.26 kB │ gzip:   0.20 kB
dist.task-detail-qRBRtdrBjDpZH0YvHwZM8L/assets/Partners-BSH4oos1.js                   0.58 kB │ gzip:   0.39 kB
dist.task-detail-qRBRtdrBjDpZH0YvHwZM8L/assets/draft-gIqS1loB.js                      1.15 kB │ gzip:   0.60 kB
dist.task-detail-qRBRtdrBjDpZH0YvHwZM8L/assets/lifecycle-workspace-vbD2vUvs.js        1.32 kB │ gzip:   0.74 kB
dist.task-detail-qRBRtdrBjDpZH0YvHwZM8L/assets/kolStages-DBI4o3kV.js                  1.32 kB │ gzip:   0.58 kB
dist.task-detail-qRBRtdrBjDpZH0YvHwZM8L/assets/SharedSession-BmgkjvOi.js              1.54 kB │ gzip:   0.94 kB
dist.task-detail-qRBRtdrBjDpZH0YvHwZM8L/assets/useTaskRunEventStream-CmfG137k.js      1.74 kB │ gzip:   0.86 kB
dist.task-detail-qRBRtdrBjDpZH0YvHwZM8L/assets/journey-D4KRgnS4.js                    1.87 kB │ gzip:   0.88 kB
dist.task-detail-qRBRtdrBjDpZH0YvHwZM8L/assets/Session-D417cSQW.js                    2.29 kB │ gzip:   1.20 kB
dist.task-detail-qRBRtdrBjDpZH0YvHwZM8L/assets/kol-lead-coop-D64QqYvS.js              2.84 kB │ gzip:   1.54 kB
dist.task-detail-qRBRtdrBjDpZH0YvHwZM8L/assets/stageTargets-CwG8wpWv.js               2.89 kB │ gzip:   1.46 kB
dist.task-detail-qRBRtdrBjDpZH0YvHwZM8L/assets/taskStarters-dnEWipPY.js               3.66 kB │ gzip:   1.99 kB
dist.task-detail-qRBRtdrBjDpZH0YvHwZM8L/assets/useMailComposeFlow-Bioz1r0T.js         4.08 kB │ gzip:   1.77 kB
dist.task-detail-qRBRtdrBjDpZH0YvHwZM8L/assets/skillIcons-Cx0-Su0p.js                 4.62 kB │ gzip:   1.79 kB
dist.task-detail-qRBRtdrBjDpZH0YvHwZM8L/assets/ReviewForm-VIQwF3gg.js                 5.64 kB │ gzip:   2.60 kB
dist.task-detail-qRBRtdrBjDpZH0YvHwZM8L/assets/SkillHub-DFfso9ET.js                   6.41 kB │ gzip:   2.81 kB
dist.task-detail-qRBRtdrBjDpZH0YvHwZM8L/assets/TaskDetailPage-CK_LWMmn.js             8.38 kB │ gzip:   2.86 kB
dist.task-detail-qRBRtdrBjDpZH0YvHwZM8L/assets/ReviewLeaveDialog-DJqKpee0.js          8.41 kB │ gzip:   3.99 kB
dist.task-detail-qRBRtdrBjDpZH0YvHwZM8L/assets/knowledge-page-DvcTS_9n.js             8.48 kB │ gzip:   2.95 kB
dist.task-detail-qRBRtdrBjDpZH0YvHwZM8L/assets/Exam-BKMRKHCq.js                       8.84 kB │ gzip:   3.31 kB
dist.task-detail-qRBRtdrBjDpZH0YvHwZM8L/assets/CrawlArtifact-CbIsg4IN.js              9.48 kB │ gzip:   3.69 kB
dist.task-detail-qRBRtdrBjDpZH0YvHwZM8L/assets/WorkOrderSuggestions-AcOviVnF.js      10.53 kB │ gzip:   4.17 kB
dist.task-detail-qRBRtdrBjDpZH0YvHwZM8L/assets/experts-Qh3MzqTA.js                   11.20 kB │ gzip:   4.41 kB
dist.task-detail-qRBRtdrBjDpZH0YvHwZM8L/assets/knowledgeCopy-8ND9hL2u.js             11.27 kB │ gzip:   5.50 kB
dist.task-detail-qRBRtdrBjDpZH0YvHwZM8L/assets/Cooperations-Bsz52Gw-.js              12.71 kB │ gzip:   4.03 kB
dist.task-detail-qRBRtdrBjDpZH0YvHwZM8L/assets/ApprovalTypes-0sbrdumT.js             13.81 kB │ gzip:   3.98 kB
dist.task-detail-qRBRtdrBjDpZH0YvHwZM8L/assets/Knowledge-BGTzcyY_.js                 13.95 kB │ gzip:   5.62 kB
dist.task-detail-qRBRtdrBjDpZH0YvHwZM8L/assets/Leads-BPQSN4W1.js                     14.69 kB │ gzip:   4.44 kB
dist.task-detail-qRBRtdrBjDpZH0YvHwZM8L/assets/Pipeline-dhOGPITo.js                  14.85 kB │ gzip:   5.12 kB
dist.task-detail-qRBRtdrBjDpZH0YvHwZM8L/assets/composerDraft-CG4gouge.js             15.54 kB │ gzip:   5.85 kB
dist.task-detail-qRBRtdrBjDpZH0YvHwZM8L/assets/AccountSettings-41pQN2Xd.js           15.77 kB │ gzip:   5.38 kB
dist.task-detail-qRBRtdrBjDpZH0YvHwZM8L/assets/Approvals-xJWyY3Qe.js                 18.04 kB │ gzip:   6.46 kB
dist.task-detail-qRBRtdrBjDpZH0YvHwZM8L/assets/ConfirmDialog-6z7Otx2k.js             19.41 kB │ gzip:   6.88 kB
dist.task-detail-qRBRtdrBjDpZH0YvHwZM8L/assets/CatalogView-DmmS9YrV.js               20.86 kB │ gzip:   7.03 kB
dist.task-detail-qRBRtdrBjDpZH0YvHwZM8L/assets/SkillCatalog-CrClT754.js              22.51 kB │ gzip:   8.24 kB
dist.task-detail-qRBRtdrBjDpZH0YvHwZM8L/assets/Agents-BWjTJYzR.js                    22.73 kB │ gzip:   7.28 kB
dist.task-detail-qRBRtdrBjDpZH0YvHwZM8L/assets/Cron-CaH44SYi.js                      22.92 kB │ gzip:   8.10 kB
dist.task-detail-qRBRtdrBjDpZH0YvHwZM8L/assets/Reviews-CDqhUb6P.js                   37.82 kB │ gzip:  12.57 kB
dist.task-detail-qRBRtdrBjDpZH0YvHwZM8L/assets/Mail-DhOFXy3Q.js                      45.69 kB │ gzip:  14.75 kB
dist.task-detail-qRBRtdrBjDpZH0YvHwZM8L/assets/ComposerDock-BCcq-RUn.js              49.08 kB │ gzip:  16.85 kB
dist.task-detail-qRBRtdrBjDpZH0YvHwZM8L/assets/Chat-B7NydQt7.js                      54.92 kB │ gzip:  19.16 kB
dist.task-detail-qRBRtdrBjDpZH0YvHwZM8L/assets/ReviewTypes-Ck-P30Bx.js               56.36 kB │ gzip:  17.83 kB
dist.task-detail-qRBRtdrBjDpZH0YvHwZM8L/assets/SearchOutlined-BFPCtOnS.js            60.19 kB │ gzip:  22.83 kB
dist.task-detail-qRBRtdrBjDpZH0YvHwZM8L/assets/ChatBlocks-AY07IWm6.js                61.20 kB │ gzip:  20.41 kB
dist.task-detail-qRBRtdrBjDpZH0YvHwZM8L/assets/index-D1865Psw.js                     77.99 kB │ gzip:  29.25 kB
dist.task-detail-qRBRtdrBjDpZH0YvHwZM8L/assets/modes-C4Zcfj-U.js                     85.88 kB │ gzip:  27.52 kB
dist.task-detail-qRBRtdrBjDpZH0YvHwZM8L/assets/vendor-CWy1lqx7.js                   108.36 kB │ gzip:  36.50 kB
dist.task-detail-qRBRtdrBjDpZH0YvHwZM8L/assets/markdown-CVX_sRzT.js                 157.98 kB │ gzip:  48.03 kB
dist.task-detail-qRBRtdrBjDpZH0YvHwZM8L/assets/Home-051K316Y.js                     249.70 kB │ gzip:  79.62 kB
dist.task-detail-qRBRtdrBjDpZH0YvHwZM8L/assets/index-CvqF75bo.js                    307.82 kB │ gzip:  93.61 kB
dist.task-detail-qRBRtdrBjDpZH0YvHwZM8L/assets/Tasks-CZY6JTkJ.js                    443.47 kB │ gzip: 141.35 kB
dist.task-detail-qRBRtdrBjDpZH0YvHwZM8L/assets/AdminConsole-Bhzf9IGn.js             464.76 kB │ gzip: 131.76 kB
✓ built in 29.80s
